SQL> SELECT CD,D FROM DEPARTAMENTO;

        CD D                                                                                                                                                                                            
---------- ------------------------------------------------------------                                                                                                                                 
         1 ANALISIS MATEMATICO                                                                                                                                                                          
         2 ASTROFISICA                                                                                                                                                                                  
         3 ESTADISTICA,INVESTIGACION OPERATIVA Y COMPUTACION                                                                                                                                            
         4 MATEMATICA FUNDAMENTAL                                                                                                                                                                       

SQL> SELECT * FROM AREA;

       CAR AR                                                                   CD                                                                                                                      
---------- ------------------------------------------------------------ ----------                                                                                                                      
         1 ALGEBRA                                                               4                                                                                                                      
         2 ANALISIS MATEMATICO                                                   1                                                                                                                      
         3 ASTRONOMIA Y ASTROFISICA                                              2                                                                                                                      
         4 CIENCIAS DE LA COMPUTACION E INTELIGENCIA ARTIFICIAL                  3                                                                                                                      
         5 DIDACTICA DE LA MATEMATICA                                            1                                                                                                                      
         6 ESTADISTICA E INVESTIGACION OPERATIVA                                 3                                                                                                                      
         7 LENGUAJES Y SISTEMAS INFORMATICOS                                     3                                                                                                                      
         8 MATEMATICA APLICADA                                                   1                                                                                                                      

8 rows selected.

SQL> SELECT DNI FROM PROFESOR;

       DNI                                                                                                                                                                                              
----------                                                                                                                                                                                              
      1010                                                                                                                                                                                              
      1111                                                                                                                                                                                              
      2020                                                                                                                                                                                              
      2222                                                                                                                                                                                              
      3030                                                                                                                                                                                              
      3333                                                                                                                                                                                              
      4444                                                                                                                                                                                              
      5555                                                                                                                                                                                              
      6666                                                                                                                                                                                              
      7777                                                                                                                                                                                              
      8888                                                                                                                                                                                              

       DNI                                                                                                                                                                                              
----------                                                                                                                                                                                              
      9999                                                                                                                                                                                              

12 rows selected.

SQL> SELECT * FROM PROFESOR;

       DNI P                                                                   CAR CAT                                                                                                                  
---------- ------------------------------------------------------------ ---------- -----                                                                                                                
      1111 JUAN                                                                  6 CU                                                                                                                   
      2222 CARLOS                                                                7 TU                                                                                                                   
      3333 PEDRO                                                                 4 TEU                                                                                                                  
      4444 MARIA                                                                 7 TU                                                                                                                   
      5555 IVAN                                                                  1 CEU                                                                                                                  
      6666 CARMEN                                                                3 CD                                                                                                                   
      7777 MARIO                                                                 2 TU                                                                                                                   
      8888 FRANCISCO                                                             5 TU                                                                                                                   
      9999 ANGELA                                                                8 TEU                                                                                                                  
      1010 DAVID                                                                 4 TU                                                                                                                   
      2020 SOLEDAD                                                               7 CU                                                                                                                   

       DNI P                                                                   CAR CAT                                                                                                                  
---------- ------------------------------------------------------------ ---------- -----                                                                                                                
      3030 JOSE MANUEL                                                           6 TEU                                                                                                                  

12 rows selected.

SQL> SELECT P,DNI,CAT,CAR FROM PROFESOR;

P                                                                   DNI CAT          CAR                                                                                                                
------------------------------------------------------------ ---------- ----- ----------                                                                                                                
JUAN                                                               1111 CU             6                                                                                                                
CARLOS                                                             2222 TU             7                                                                                                                
PEDRO                                                              3333 TEU            4                                                                                                                
MARIA                                                              4444 TU             7                                                                                                                
IVAN                                                               5555 CEU            1                                                                                                                
CARMEN                                                             6666 CD             3                                                                                                                
MARIO                                                              7777 TU             2                                                                                                                
FRANCISCO                                                          8888 TU             5                                                                                                                
ANGELA                                                             9999 TEU            8                                                                                                                
DAVID                                                              1010 TU             4                                                                                                                
SOLEDAD                                                            2020 CU             7                                                                                                                

P                                                                   DNI CAT          CAR                                                                                                                
------------------------------------------------------------ ---------- ----- ----------                                                                                                                
JOSE MANUEL                                                        3030 TEU            6                                                                                                                

12 rows selected.

SQL> SELECT P AS NOMBRE
  2  FROM PROFESOR;

NOMBRE                                                                                                                                                                                                  
------------------------------------------------------------                                                                                                                                            
JUAN                                                                                                                                                                                                    
CARLOS                                                                                                                                                                                                  
PEDRO                                                                                                                                                                                                   
MARIA                                                                                                                                                                                                   
IVAN                                                                                                                                                                                                    
CARMEN                                                                                                                                                                                                  
MARIO                                                                                                                                                                                                   
FRANCISCO                                                                                                                                                                                               
ANGELA                                                                                                                                                                                                  
DAVID                                                                                                                                                                                                   
SOLEDAD                                                                                                                                                                                                 

NOMBRE                                                                                                                                                                                                  
------------------------------------------------------------                                                                                                                                            
JOSE MANUEL                                                                                                                                                                                             

12 rows selected.

SQL> SELECT CAR AS CODIGO_DE_AREA
  2  FROM PROFESOR;

CODIGO_DE_AREA                                                                                                                                                                                          
--------------                                                                                                                                                                                          
             6                                                                                                                                                                                          
             7                                                                                                                                                                                          
             4                                                                                                                                                                                          
             7                                                                                                                                                                                          
             1                                                                                                                                                                                          
             3                                                                                                                                                                                          
             2                                                                                                                                                                                          
             5                                                                                                                                                                                          
             8                                                                                                                                                                                          
             4                                                                                                                                                                                          
             7                                                                                                                                                                                          

CODIGO_DE_AREA                                                                                                                                                                                          
--------------                                                                                                                                                                                          
             6                                                                                                                                                                                          

12 rows selected.

SQL> SELECT CAT AS CATEGORIA
  2  FROM PROFESOR;

CATEG                                                                                                                                                                                                   
-----                                                                                                                                                                                                   
CU                                                                                                                                                                                                      
TU                                                                                                                                                                                                      
TEU                                                                                                                                                                                                     
TU                                                                                                                                                                                                      
CEU                                                                                                                                                                                                     
CD                                                                                                                                                                                                      
TU                                                                                                                                                                                                      
TU                                                                                                                                                                                                      
TEU                                                                                                                                                                                                     
TU                                                                                                                                                                                                      
CU                                                                                                                                                                                                      

CATEG                                                                                                                                                                                                   
-----                                                                                                                                                                                                   
TEU                                                                                                                                                                                                     

12 rows selected.

SQL> SELECT DNI,P,CAR,CAT
  2  FROM PROFESOR AS TABLA_DE_PROFESORES;
FROM PROFESOR AS TABLA_DE_PROFESORES
              *
ERROR at line 2:
ORA-00933: SQL command not properly ended 


SQL> DESCRIBE PROFESOR;
 Name                                                                                                              Null?    Type
 ----------------------------------------------------------------------------------------------------------------- -------- ----------------------------------------------------------------------------
 DNI                                                                                                               NOT NULL NUMBER(8)
 P                                                                                                                          VARCHAR2(60)
 CAR                                                                                                                        NUMBER(3)
 CAT                                                                                                                        VARCHAR2(5)

SQL> SELECT CATEGORIA FROM PROFESOR;
SELECT CATEGORIA FROM PROFESOR
       *
ERROR at line 1:
ORA-00904: "CATEGORIA": invalid identifier 


SQL> SELECT CAT FROM PROFESOR;

CAT                                                                                                                                                                                                     
-----                                                                                                                                                                                                   
CU                                                                                                                                                                                                      
TU                                                                                                                                                                                                      
TEU                                                                                                                                                                                                     
TU                                                                                                                                                                                                      
CEU                                                                                                                                                                                                     
CD                                                                                                                                                                                                      
TU                                                                                                                                                                                                      
TU                                                                                                                                                                                                      
TEU                                                                                                                                                                                                     
TU                                                                                                                                                                                                      
CU                                                                                                                                                                                                      

CAT                                                                                                                                                                                                     
-----                                                                                                                                                                                                   
TEU                                                                                                                                                                                                     

12 rows selected.

SQL> SELEC * FROM ASIGNATURA;
SP2-0734: unknown command beginning "SELEC * FR..." - rest of line ignored.
SQL> SELECT * FROM ASIGNATURA;

       CAS A                                                  T           CUR        CAR         CT         CP         CL                                                                               
---------- -------------------------------------------------- ---- ---------- ---------- ---------- ---------- ----------                                                                               
         1 BASES DE DATOS                                     GII           3          7          3        1.5        1.5                                                                               
         2 INTELIGENCIA ARTIFICIAL                            GII           3          4        1.5        1.5          3                                                                               
         3 ALMACENES DE DATOS                                 MII           1          7        1.5          0        1.5                                                                               
         4 MINERIA DE DATOS                                   MII           1          7        1.5          0        1.5                                                                               
         5 INFORMATICA BASICA                                 GII           1          7          3        1.5        1.5                                                                               
         6 ALGEBRA                                            GII           1          1          3          3          0                                                                               
         8 OPTIMIZACION                                       GII           1          6          3        1.5        1.5                                                                               
         9 GESTION DE RIESGOS                                 GII           3          4          3          0          3                                                                               
        10 ASTRONOMIA                                         GF            2          3          3        1.5        1.5                                                                               
        11 ENSENANZA DE LA MATEMATICA                         GM            2          5          6          0          0                                                                               
        12 ANALISIS COMPLEJO                                  GM            4          2        4.5          3          0                                                                               

       CAS A                                                  T           CUR        CAR         CT         CP         CL                                                                               
---------- -------------------------------------------------- ---- ---------- ---------- ---------- ---------- ----------                                                                               
         7 CALCULO                                            GII           1          8          3          3          0                                                                               

12 rows selected.

SQL> set lines 250
SQL> SELECT * FROM ASIGNATURA;

       CAS A                                                  T           CUR        CAR         CT         CP         CL                                                                                                                                 
---------- -------------------------------------------------- ---- ---------- ---------- ---------- ---------- ----------                                                                                                                                 
         1 BASES DE DATOS                                     GII           3          7          3        1.5        1.5                                                                                                                                 
         2 INTELIGENCIA ARTIFICIAL                            GII           3          4        1.5        1.5          3                                                                                                                                 
         3 ALMACENES DE DATOS                                 MII           1          7        1.5          0        1.5                                                                                                                                 
         4 MINERIA DE DATOS                                   MII           1          7        1.5          0        1.5                                                                                                                                 
         5 INFORMATICA BASICA                                 GII           1          7          3        1.5        1.5                                                                                                                                 
         6 ALGEBRA                                            GII           1          1          3          3          0                                                                                                                                 
         8 OPTIMIZACION                                       GII           1          6          3        1.5        1.5                                                                                                                                 
         9 GESTION DE RIESGOS                                 GII           3          4          3          0          3                                                                                                                                 
        10 ASTRONOMIA                                         GF            2          3          3        1.5        1.5                                                                                                                                 
        11 ENSENANZA DE LA MATEMATICA                         GM            2          5          6          0          0                                                                                                                                 
        12 ANALISIS COMPLEJO                                  GM            4          2        4.5          3          0                                                                                                                                 

       CAS A                                                  T           CUR        CAR         CT         CP         CL                                                                                                                                 
---------- -------------------------------------------------- ---- ---------- ---------- ---------- ---------- ----------                                                                                                                                 
         7 CALCULO                                            GII           1          8          3          3          0                                                                                                                                 

12 rows selected.

SQL> SELECT *
  2  FROM ASIGNATURA
  3  WHERE T='GII';

       CAS A                                                  T           CUR        CAR         CT         CP         CL                                                                                                                                 
---------- -------------------------------------------------- ---- ---------- ---------- ---------- ---------- ----------                                                                                                                                 
         1 BASES DE DATOS                                     GII           3          7          3        1.5        1.5                                                                                                                                 
         2 INTELIGENCIA ARTIFICIAL                            GII           3          4        1.5        1.5          3                                                                                                                                 
         5 INFORMATICA BASICA                                 GII           1          7          3        1.5        1.5                                                                                                                                 
         6 ALGEBRA                                            GII           1          1          3          3          0                                                                                                                                 
         8 OPTIMIZACION                                       GII           1          6          3        1.5        1.5                                                                                                                                 
         9 GESTION DE RIESGOS                                 GII           3          4          3          0          3                                                                                                                                 
         7 CALCULO                                            GII           1          8          3          3          0                                                                                                                                 

7 rows selected.

SQL> SELECT *
  2  FROM PROFESOR
  3  WHERE CAR=7;

       DNI P                                                                   CAR CAT                                                                                                                                                                    
---------- ------------------------------------------------------------ ---------- -----                                                                                                                                                                  
      2222 CARLOS                                                                7 TU                                                                                                                                                                     
      4444 MARIA                                                                 7 TU                                                                                                                                                                     
      2020 SOLEDAD                                                               7 CU                                                                                                                                                                     

SQL> SELECT DISTINCT P
  2  FROM PROFESOR
  3  WHERE CAR=7;

P                                                                                                                                                                                                                                                         
------------------------------------------------------------                                                                                                                                                                                              
SOLEDAD                                                                                                                                                                                                                                                   
CARLOS                                                                                                                                                                                                                                                    
MARIA                                                                                                                                                                                                                                                     

SQL> SELECT A
  2  FROM ASIGNATURA
  3  WHERE CAS>=7;

A                                                                                                                                                                                                                                                         
--------------------------------------------------                                                                                                                                                                                                        
CALCULO                                                                                                                                                                                                                                                   
OPTIMIZACION                                                                                                                                                                                                                                              
GESTION DE RIESGOS                                                                                                                                                                                                                                        
ASTRONOMIA                                                                                                                                                                                                                                                
ENSENANZA DE LA MATEMATICA                                                                                                                                                                                                                                
ANALISIS COMPLEJO                                                                                                                                                                                                                                         

6 rows selected.

SQL> SELECT A
  2  FROM ASIGNATURA
  3  
SQL> SELECT A
  2  FROM ASIGNATURA
  3  WHERE CAS>7;

A                                                                                                                                                                                                                                                         
--------------------------------------------------                                                                                                                                                                                                        
OPTIMIZACION                                                                                                                                                                                                                                              
GESTION DE RIESGOS                                                                                                                                                                                                                                        
ASTRONOMIA                                                                                                                                                                                                                                                
ENSENANZA DE LA MATEMATICA                                                                                                                                                                                                                                
ANALISIS COMPLEJO                                                                                                                                                                                                                                         

SQL> SELECT CAS
  2  FROM ASIGNATURA
  3  WHERE A='ALMACENES_DE_DATOS';

no rows selected

SQL> SELECT * FROM ASIGNATURA;

       CAS A                                                  T           CUR        CAR         CT         CP         CL                                                                                                                                 
---------- -------------------------------------------------- ---- ---------- ---------- ---------- ---------- ----------                                                                                                                                 
         1 BASES DE DATOS                                     GII           3          7          3        1.5        1.5                                                                                                                                 
         2 INTELIGENCIA ARTIFICIAL                            GII           3          4        1.5        1.5          3                                                                                                                                 
         3 ALMACENES DE DATOS                                 MII           1          7        1.5          0        1.5                                                                                                                                 
         4 MINERIA DE DATOS                                   MII           1          7        1.5          0        1.5                                                                                                                                 
         5 INFORMATICA BASICA                                 GII           1          7          3        1.5        1.5                                                                                                                                 
         6 ALGEBRA                                            GII           1          1          3          3          0                                                                                                                                 
         8 OPTIMIZACION                                       GII           1          6          3        1.5        1.5                                                                                                                                 
         9 GESTION DE RIESGOS                                 GII           3          4          3          0          3                                                                                                                                 
        10 ASTRONOMIA                                         GF            2          3          3        1.5        1.5                                                                                                                                 
        11 ENSENANZA DE LA MATEMATICA                         GM            2          5          6          0          0                                                                                                                                 
        12 ANALISIS COMPLEJO                                  GM            4          2        4.5          3          0                                                                                                                                 

       CAS A                                                  T           CUR        CAR         CT         CP         CL                                                                                                                                 
---------- -------------------------------------------------- ---- ---------- ---------- ---------- ---------- ----------                                                                                                                                 
         7 CALCULO                                            GII           1          8          3          3          0                                                                                                                                 

12 rows selected.

SQL> SELECT CAS
  2  FROM ASIGNATURA
  3  WHERE A='ALMACENES DE DATOS';

       CAS                                                                                                                                                                                                                                                
----------                                                                                                                                                                                                                                                
         3                                                                                                                                                                                                                                                

SQL> SELECT A
  2  FROM ASIGNATURA
  3  WHERE CAS<=>8;
WHERE CAS<=>8
          *
ERROR at line 3:
ORA-00936: missing expression 


SQL> SELECT A
  2  FROM ASIGNATURA
  3  WHERE CAS<>8;

A                                                                                                                                                                                                                                                         
--------------------------------------------------                                                                                                                                                                                                        
BASES DE DATOS                                                                                                                                                                                                                                            
INTELIGENCIA ARTIFICIAL                                                                                                                                                                                                                                   
ALMACENES DE DATOS                                                                                                                                                                                                                                        
MINERIA DE DATOS                                                                                                                                                                                                                                          
INFORMATICA BASICA                                                                                                                                                                                                                                        
ALGEBRA                                                                                                                                                                                                                                                   
GESTION DE RIESGOS                                                                                                                                                                                                                                        
ASTRONOMIA                                                                                                                                                                                                                                                
ENSENANZA DE LA MATEMATICA                                                                                                                                                                                                                                
ANALISIS COMPLEJO                                                                                                                                                                                                                                         
CALCULO                                                                                                                                                                                                                                                   

11 rows selected.

SQL> SELECT A
  2  FROM ASIGNATURA
  3  WHERE CAS<>8 AND CAS<>11;

A                                                                                                                                                                                                                                                         
--------------------------------------------------                                                                                                                                                                                                        
BASES DE DATOS                                                                                                                                                                                                                                            
INTELIGENCIA ARTIFICIAL                                                                                                                                                                                                                                   
ALMACENES DE DATOS                                                                                                                                                                                                                                        
MINERIA DE DATOS                                                                                                                                                                                                                                          
INFORMATICA BASICA                                                                                                                                                                                                                                        
ALGEBRA                                                                                                                                                                                                                                                   
GESTION DE RIESGOS                                                                                                                                                                                                                                        
ASTRONOMIA                                                                                                                                                                                                                                                
ANALISIS COMPLEJO                                                                                                                                                                                                                                         
CALCULO                                                                                                                                                                                                                                                   

10 rows selected.

SQL> SELECT CAS
  2  FROM ASIGNATURA
  3  WHERE CAS = (
  4  
SQL> SELECT * FROM PLAN_DOCENTE
  2  ;

       DNI        CAS        CTA        CPA        CLA FI        FF                                                                                                                                                                                       
---------- ---------- ---------- ---------- ---------- --------- ---------                                                                                                                                                                                
      4444          1          3        1.5        1.5 01-SEP-11                                                                                                                                                                                          
      4444          4        1.5          0        1.5 01-SEP-08 31-AUG-10                                                                                                                                                                                
      4444          5          3          0          0 01-SEP-10                                                                                                                                                                                          
      1111          8          3        1.5        1.5 01-SEP-07 31-AUG-09                                                                                                                                                                                
      1111          8          3          0          0 01-SEP-09                                                                                                                                                                                          
      3030          8          0        1.5        1.5 01-SEP-09                                                                                                                                                                                          
      2222          4        1.5          0        1.5 01-SEP-09                                                                                                                                                                                          
      2222          3        1.5          0        1.5 01-SEP-06 31-AUG-07                                                                                                                                                                                
      1010          2        1.5        1.5          3 01-SEP-05 31-AUG-08                                                                                                                                                                                
      3333          2        1.5        1.5          3 01-SEP-08                                                                                                                                                                                          
      1010          9          3          0          3 01-SEP-08 31-AUG-09                                                                                                                                                                                

       DNI        CAS        CTA        CPA        CLA FI        FF                                                                                                                                                                                       
---------- ---------- ---------- ---------- ---------- --------- ---------                                                                                                                                                                                
      1010          9        1.5          0        1.5 01-SEP-09                                                                                                                                                                                          
      9999          7          3          3          0 01-SEP-10                                                                                                                                                                                          
      5555          6          3          3          0 31-MAR-10                                                                                                                                                                                          
      6666         10          3        1.5        1.5 01-SEP-08 31-AUG-11                                                                                                                                                                                
      8888         11          6          0          0 01-SEP-09                                                                                                                                                                                          
      2020          3        1.5          0        1.5 01-SEP-08                                                                                                                                                                                          
      7777         12        4.5          3          0 01-SEP-10                                                                                                                                                                                          
      3333          9        1.5          0        1.5 01-SEP-09                                                                                                                                                                                          

19 rows selected.

SQL> SELECT * FROM ASIGNATURA;

       CAS A                                                  T           CUR        CAR         CT         CP         CL                                                                                                                                 
---------- -------------------------------------------------- ---- ---------- ---------- ---------- ---------- ----------                                                                                                                                 
         1 BASES DE DATOS                                     GII           3          7          3        1.5        1.5                                                                                                                                 
         2 INTELIGENCIA ARTIFICIAL                            GII           3          4        1.5        1.5          3                                                                                                                                 
         3 ALMACENES DE DATOS                                 MII           1          7        1.5          0        1.5                                                                                                                                 
         4 MINERIA DE DATOS                                   MII           1          7        1.5          0        1.5                                                                                                                                 
         5 INFORMATICA BASICA                                 GII           1          7          3        1.5        1.5                                                                                                                                 
         6 ALGEBRA                                            GII           1          1          3          3          0                                                                                                                                 
         8 OPTIMIZACION                                       GII           1          6          3        1.5        1.5                                                                                                                                 
         9 GESTION DE RIESGOS                                 GII           3          4          3          0          3                                                                                                                                 
        10 ASTRONOMIA                                         GF            2          3          3        1.5        1.5                                                                                                                                 
        11 ENSENANZA DE LA MATEMATICA                         GM            2          5          6          0          0                                                                                                                                 
        12 ANALISIS COMPLEJO                                  GM            4          2        4.5          3          0                                                                                                                                 

       CAS A                                                  T           CUR        CAR         CT         CP         CL                                                                                                                                 
---------- -------------------------------------------------- ---- ---------- ---------- ---------- ---------- ----------                                                                                                                                 
         7 CALCULO                                            GII           1          8          3          3          0                                                                                                                                 

12 rows selected.

SQL> SELECT * FROM PLAN_DOCENTE
  2  ;

       DNI        CAS        CTA        CPA        CLA FI        FF                                                                                                                                                                                       
---------- ---------- ---------- ---------- ---------- --------- ---------                                                                                                                                                                                
      4444          1          3        1.5        1.5 01-SEP-11                                                                                                                                                                                          
      4444          4        1.5          0        1.5 01-SEP-08 31-AUG-10                                                                                                                                                                                
      4444          5          3          0          0 01-SEP-10                                                                                                                                                                                          
      1111          8          3        1.5        1.5 01-SEP-07 31-AUG-09                                                                                                                                                                                
      1111          8          3          0          0 01-SEP-09                                                                                                                                                                                          
      3030          8          0        1.5        1.5 01-SEP-09                                                                                                                                                                                          
      2222          4        1.5          0        1.5 01-SEP-09                                                                                                                                                                                          
      2222          3        1.5          0        1.5 01-SEP-06 31-AUG-07                                                                                                                                                                                
      1010          2        1.5        1.5          3 01-SEP-05 31-AUG-08                                                                                                                                                                                
      3333          2        1.5        1.5          3 01-SEP-08                                                                                                                                                                                          
      1010          9          3          0          3 01-SEP-08 31-AUG-09                                                                                                                                                                                

       DNI        CAS        CTA        CPA        CLA FI        FF                                                                                                                                                                                       
---------- ---------- ---------- ---------- ---------- --------- ---------                                                                                                                                                                                
      1010          9        1.5          0        1.5 01-SEP-09                                                                                                                                                                                          
      9999          7          3          3          0 01-SEP-10                                                                                                                                                                                          
      5555          6          3          3          0 31-MAR-10                                                                                                                                                                                          
      6666         10          3        1.5        1.5 01-SEP-08 31-AUG-11                                                                                                                                                                                
      8888         11          6          0          0 01-SEP-09                                                                                                                                                                                          
      2020          3        1.5          0        1.5 01-SEP-08                                                                                                                                                                                          
      7777         12        4.5          3          0 01-SEP-10                                                                                                                                                                                          
      3333          9        1.5          0        1.5 01-SEP-09                                                                                                                                                                                          

19 rows selected.

SQL> SELECT CAS
  2  FROM PLAN_DOCENTE
  3  WHERE DNI=3333;

       CAS                                                                                                                                                                                                                                                
----------                                                                                                                                                                                                                                                
         2                                                                                                                                                                                                                                                
         9                                                                                                                                                                                                                                                

SQL> SELECT * FROM DEPARTAMENTO
  2  ;

        CD D                                                                                                                                                                                                                                              
---------- ------------------------------------------------------------                                                                                                                                                                                   
         1 ANALISIS MATEMATICO                                                                                                                                                                                                                            
         2 ASTROFISICA                                                                                                                                                                                                                                    
         3 ESTADISTICA,INVESTIGACION OPERATIVA Y COMPUTACION                                                                                                                                                                                              
         4 MATEMATICA FUNDAMENTAL                                                                                                                                                                                                                         

SQL> SELECT CD
  2  FROM DEPARTAMENTO
  3  WHERE D='ASTROFISICA';

        CD                                                                                                                                                                                                                                                
----------                                                                                                                                                                                                                                                
         2                                                                                                                                                                                                                                                

SQL> SELECT DNI
  2  FROM PLAN_DOCENTE
  3  WHERE FI='01-SEPT-09';
WHERE FI='01-SEPT-09'
         *
ERROR at line 3:
ORA-01861: literal does not match format string 


SQL> SELECT DNI
  2  FROM PLAN_DOCENTE
  3  WHERE FI AS '01-SEPT-09'
  4  ;
WHERE FI AS '01-SEPT-09'
         *
ERROR at line 3:
ORA-00920: invalid relational operator 


SQL> SELECT DNI
  2  FROM PLAN_DOCENTE
  3  WHERE FI='09-09-09';
WHERE FI='09-09-09'
         *
ERROR at line 3:
ORA-01843: not a valid month 


SQL> SELECT DNI
  2  FROM PLAN_DOCENTE
  3  WHERE FI='09-SEP-09';

no rows selected

SQL> SELECT DNI
  2  FROM PLAN_DOCENTE
  3  WHERE FI='01-SEP-09';

       DNI                                                                                                                                                                                                                                                
----------                                                                                                                                                                                                                                                
      1010                                                                                                                                                                                                                                                
      1111                                                                                                                                                                                                                                                
      2222                                                                                                                                                                                                                                                
      3030                                                                                                                                                                                                                                                
      3333                                                                                                                                                                                                                                                
      8888                                                                                                                                                                                                                                                

6 rows selected.

SQL> SELECT DNI
  2  FROM PLAN_DOCENTE
  3  WHERE FI < '01-JAN-09;'
  4  
SQL> 
SQL> SELECT DNI
  2  FROM PLAN_DOCENTE
  3  WHERE FI < '01-JAN-09';

       DNI                                                                                                                                                                                                                                                
----------                                                                                                                                                                                                                                                
      1010                                                                                                                                                                                                                                                
      1010                                                                                                                                                                                                                                                
      1111                                                                                                                                                                                                                                                
      2020                                                                                                                                                                                                                                                
      2222                                                                                                                                                                                                                                                
      3333                                                                                                                                                                                                                                                
      4444                                                                                                                                                                                                                                                
      6666                                                                                                                                                                                                                                                

8 rows selected.

SQL> SELECT CAS
  2  FROM ASIGNATURA
  3  WHERE CAR=3 AND CAR=5 AND CAR=8
  4  
SQL> 
SQL> SELECT A
  2  FROM ASIGNATURA
  3  WHERE CAR=3 AND CAR=5 AND CAR=8;

no rows selected

SQL> SELECT A
  2  FROM ASIGNATURA
  3  WHERE CAR=3 OR CAR=5 OR CAR=8;

A                                                                                                                                                                                                                                                         
--------------------------------------------------                                                                                                                                                                                                        
ASTRONOMIA                                                                                                                                                                                                                                                
ENSENANZA DE LA MATEMATICA                                                                                                                                                                                                                                
CALCULO                                                                                                                                                                                                                                                   

SQL> SELECT A
  2  FROM ASIGNATURA
  3  WHERE CAR<>3 OR CAR<>5 OR CAR<>8;

A                                                                                                                                                                                                                                                         
--------------------------------------------------                                                                                                                                                                                                        
BASES DE DATOS                                                                                                                                                                                                                                            
INTELIGENCIA ARTIFICIAL                                                                                                                                                                                                                                   
ALMACENES DE DATOS                                                                                                                                                                                                                                        
MINERIA DE DATOS                                                                                                                                                                                                                                          
INFORMATICA BASICA                                                                                                                                                                                                                                        
ALGEBRA                                                                                                                                                                                                                                                   
OPTIMIZACION                                                                                                                                                                                                                                              
GESTION DE RIESGOS                                                                                                                                                                                                                                        
ASTRONOMIA                                                                                                                                                                                                                                                
ENSENANZA DE LA MATEMATICA                                                                                                                                                                                                                                
ANALISIS COMPLEJO                                                                                                                                                                                                                                         

A                                                                                                                                                                                                                                                         
--------------------------------------------------                                                                                                                                                                                                        
CALCULO                                                                                                                                                                                                                                                   

12 rows selected.

SQL> SELECT P
  2  FROM PROFESOR
  3  WHERE DNI BETWEEN 3000 AND 7000;

P                                                                                                                                                                                                                                                         
------------------------------------------------------------                                                                                                                                                                                              
JOSE MANUEL                                                                                                                                                                                                                                               
PEDRO                                                                                                                                                                                                                                                     
MARIA                                                                                                                                                                                                                                                     
IVAN                                                                                                                                                                                                                                                      
CARMEN                                                                                                                                                                                                                                                    

SQL> SELECT CAS
  2  FROM PLAN_DOCENTE
  3  WHERE DNI=1111;

       CAS                                                                                                                                                                                                                                                
----------                                                                                                                                                                                                                                                
         8                                                                                                                                                                                                                                                
         8                                                                                                                                                                                                                                                

SQL> SELECT A,SUM(CT,CP,CL)
  2  FROM ASIGNATURA
  3  GROUP BY A;
SELECT A,SUM(CT,CP,CL)
         *
ERROR at line 1:
ORA-00909: invalid number of arguments 


SQL> SELECT A,SUM(CT,CP,CL)
  2  FROM ASIGNATURA
  3  ;
SELECT A,SUM(CT,CP,CL)
         *
ERROR at line 1:
ORA-00909: invalid number of arguments 


SQL> SELECT A,SUM(CP+CT+CL)
  2  FROM ASIGNATURA
  3  GROUP BY A;

A                                                  SUM(CP+CT+CL)                                                                                                                                                                                          
-------------------------------------------------- -------------                                                                                                                                                                                          
ALGEBRA                                                        6                                                                                                                                                                                          
BASES DE DATOS                                                 6                                                                                                                                                                                          
INFORMATICA BASICA                                             6                                                                                                                                                                                          
OPTIMIZACION                                                   6                                                                                                                                                                                          
GESTION DE RIESGOS                                             6                                                                                                                                                                                          
ENSENANZA DE LA MATEMATICA                                     6                                                                                                                                                                                          
ANALISIS COMPLEJO                                            7.5                                                                                                                                                                                          
CALCULO                                                        6                                                                                                                                                                                          
INTELIGENCIA ARTIFICIAL                                        6                                                                                                                                                                                          
MINERIA DE DATOS                                               3                                                                                                                                                                                          
ALMACENES DE DATOS                                             3                                                                                                                                                                                          

A                                                  SUM(CP+CT+CL)                                                                                                                                                                                          
-------------------------------------------------- -------------                                                                                                                                                                                          
ASTRONOMIA                                                     6                                                                                                                                                                                          

12 rows selected.

SQL> SPOOL OFF
