SQL> CREATE TABLE TITULACION
  2  (T CHAR(4) PRIMARY KEY,
  3  FAC VARCHAR2(40));

Table created.

SQL> INSERT INTO TITULACION(T)
  2  SELECT DISTINCT T
  3  FROM ASIGNATURA;

4 rows created.

SQL> SELECT * FROM TITULACION;

T    FAC                                                                        
---- ----------------------------------------                                   
GF                                                                              
GM                                                                              
GII                                                                             
MII                                                                             

SQL> UPDATE TITULACION
  2  SET FAC='FISICA'
  3  WHERE T='GF';

1 row updated.

SQL> UPDATE TITULACION
  2  SET FAC='MATETMATICAS'
  3  WHERE T='GM';

1 row updated.

SQL> UPDATE TITULACION
  2  SET FAC='INGENIERIA INFORMATICA'
  3  WHERE T='GII';

1 row updated.

SQL> UPDATE TITULACION
  2  SET FAC='ESIT'
  3  WHERE T='MII';

1 row updated.

SQL> UPDATE TITULACION
  2  SET FAC='ESIT'
  3  WHERE T='GII';

1 row updated.

SQL> SELECT * FROM TITULACION;

T    FAC                                                                        
---- ----------------------------------------                                   
GF   FISICA                                                                     
GM   MATETMATICAS                                                               
GII  ESIT                                                                       
MII  ESIT                                                                       

SQL> CREATE SYNONYM TIT FOR TITULACION;

Synonym created.

SQL> SELECT * FROM TIT;

T    FAC                                                                        
---- ----------------------------------------                                   
GF   FISICA                                                                     
GM   MATETMATICAS                                                               
GII  ESIT                                                                       
MII  ESIT                                                                       

SQL> ALTER TABLE ASIGNATURA
  2  ADD CONTRAINT CA_ASIGNATURA_TITULACION
  3  FOREIGN KEY(T) REFERENCES TITULACION(T)
  4  ON DELETE CASCADE;
FOREIGN KEY(T) REFERENCES TITULACION(T)
*
ERROR at line 3:
ORA-01735: invalid ALTER TABLE option 


SQL> ALTER TABLE ASIGNATURA
  2  ADD CONTRAINT CA_ASIGNATURA_TITULACION
  3  FOREIGN KEY (T) REFERENCES TITULACION (T)
  4  ON DELETE CASCADE;
FOREIGN KEY (T) REFERENCES TITULACION (T)
*
ERROR at line 3:
ORA-01735: invalid ALTER TABLE option 


SQL> ALTER TABLE ASIGNATURA
  2  ADD CONTRAINT CA_ASIGNATURA_TITULACION
  3  FOREIGN KEY (T) REFERENCES TITULACION(T)
  4  ON DELETE CASCADE;
FOREIGN KEY (T) REFERENCES TITULACION(T)
*
ERROR at line 3:
ORA-01735: invalid ALTER TABLE option 


SQL> ALTER TABLE ASIGNATURA
  2  ADD CONTRAINT CA_ASIGNATURA_TITULACION
  3  ADD FOREIGN KEY (T) REFERENCES TITULACION(T)
  4  ON DELETE CASCADE;
ADD CONTRAINT CA_ASIGNATURA_TITULACION
              *
ERROR at line 2:
ORA-00902: invalid datatype 


SQL> ALTER TABLE ASIGNATURA
  2  ADD FOREIGN KEY (T) REFERENCES TITULACION(T)
  3  ON DELETE CASCADE;

Table altered.

SQL> SELECT TABLE_NAME,CONSTRAINT_NAME
  2  FROM USER_CONSTRAINTS;

TABLE_NAME                                                                      
--------------------------------------------------------------------------------
CONSTRAINT_NAME                                                                 
--------------------------------------------------------------------------------
DEPARTAMENTO                                                                    
SYS_C0018389                                                                    
                                                                                
AREA                                                                            
SYS_C0018421                                                                    
                                                                                
AREA                                                                            
SYS_C0018422                                                                    
                                                                                

TABLE_NAME                                                                      
--------------------------------------------------------------------------------
CONSTRAINT_NAME                                                                 
--------------------------------------------------------------------------------
PROFESOR                                                                        
SYS_C0018432                                                                    
                                                                                
PROFESOR                                                                        
SYS_C0018433                                                                    
                                                                                
ASIGNATURA                                                                      
SYS_C0018454                                                                    
                                                                                

TABLE_NAME                                                                      
--------------------------------------------------------------------------------
CONSTRAINT_NAME                                                                 
--------------------------------------------------------------------------------
ASIGNATURA                                                                      
SYS_C0018455                                                                    
                                                                                
ASIGNATURA                                                                      
SYS_C0018456                                                                    
                                                                                
ASIGNATURA                                                                      
SYS_C0018457                                                                    
                                                                                

TABLE_NAME                                                                      
--------------------------------------------------------------------------------
CONSTRAINT_NAME                                                                 
--------------------------------------------------------------------------------
ASIGNATURA                                                                      
SYS_C0018458                                                                    
                                                                                
ASIGNATURA                                                                      
SYS_C0025462                                                                    
                                                                                
PLAN_DOCENTE                                                                    
SYS_C0018477                                                                    
                                                                                

TABLE_NAME                                                                      
--------------------------------------------------------------------------------
CONSTRAINT_NAME                                                                 
--------------------------------------------------------------------------------
PLAN_DOCENTE                                                                    
SYS_C0018478                                                                    
                                                                                
PLAN_DOCENTE                                                                    
SYS_C0018479                                                                    
                                                                                
PLAN_DOCENTE                                                                    
SYS_C0018480                                                                    
                                                                                

TABLE_NAME                                                                      
--------------------------------------------------------------------------------
CONSTRAINT_NAME                                                                 
--------------------------------------------------------------------------------
TITULACION                                                                      
SYS_C0025454                                                                    
                                                                                

16 rows selected.

SQL> ALTER TABLE ASIGNATURA
  2  RENAME CONSTRAINT SYS_C0025454 TO FK_ASIGNATURA_TITULACION;
ALTER TABLE ASIGNATURA
*
ERROR at line 1:
ORA-23292: The constraint does not exist 


SQL> SELECT CONSTRAINT_NAME,CONSTRAINT_TYPE
  2  FROM USER_CONSTRAINTS WHERE TABLE_NAME='ASIGNATURA';

CONSTRAINT_NAME                                                                 
--------------------------------------------------------------------------------
C                                                                               
-                                                                               
SYS_C0018454                                                                    
C                                                                               
                                                                                
SYS_C0018455                                                                    
C                                                                               
                                                                                
SYS_C0018456                                                                    
C                                                                               
                                                                                

CONSTRAINT_NAME                                                                 
--------------------------------------------------------------------------------
C                                                                               
-                                                                               
SYS_C0018457                                                                    
P                                                                               
                                                                                
SYS_C0018458                                                                    
R                                                                               
                                                                                
SYS_C0025462                                                                    
R                                                                               
                                                                                

6 rows selected.

SQL> SET LINES 150;
SQL> DESCRIBE USER_CONSTRAINTS;
 Name                                                                                Null?    Type
 ----------------------------------------------------------------------------------- -------- --------------------------------------------------------
 OWNER                                                                                        VARCHAR2(128)
 CONSTRAINT_NAME                                                                              VARCHAR2(128)
 CONSTRAINT_TYPE                                                                              VARCHAR2(1)
 TABLE_NAME                                                                                   VARCHAR2(128)
 SEARCH_CONDITION                                                                             LONG
 SEARCH_CONDITION_VC                                                                          VARCHAR2(4000)
 R_OWNER                                                                                      VARCHAR2(128)
 R_CONSTRAINT_NAME                                                                            VARCHAR2(128)
 DELETE_RULE                                                                                  VARCHAR2(9)
 STATUS                                                                                       VARCHAR2(8)
 DEFERRABLE                                                                                   VARCHAR2(14)
 DEFERRED                                                                                     VARCHAR2(9)
 VALIDATED                                                                                    VARCHAR2(13)
 GENERATED                                                                                    VARCHAR2(14)
 BAD                                                                                          VARCHAR2(3)
 RELY                                                                                         VARCHAR2(4)
 LAST_CHANGE                                                                                  DATE
 INDEX_OWNER                                                                                  VARCHAR2(128)
 INDEX_NAME                                                                                   VARCHAR2(128)
 INVALID                                                                                      VARCHAR2(7)
 VIEW_RELATED                                                                                 VARCHAR2(14)
 ORIGIN_CON_ID                                                                                NUMBER

SQL> SELECT CONSTRAINT_NAME,CONSTRAINT_TYPE
  2  FROM USER_CONSTRAINTS WHERE TABLE_NAME='ASIGNATURA';

CONSTRAINT_NAME                                                                                                                  C                    
-------------------------------------------------------------------------------------------------------------------------------- -                    
SYS_C0018454                                                                                                                     C                    
SYS_C0018455                                                                                                                     C                    
SYS_C0018456                                                                                                                     C                    
SYS_C0018457                                                                                                                     P                    
SYS_C0018458                                                                                                                     R                    
SYS_C0025462                                                                                                                     R                    

6 rows selected.

SQL> SELECT CONSTRAINT_NAME,CONSTRAINT_TYPE,R_CONTRAINT_NAME
  2  
SQL> 
SQL> 
SQL> SELECT CONSTRAINT_NAME,CONSTRAINT_TYPE,R_CONSTRAINT_NAME
  2  FROM USER_CONSTRAINTS WHERE TABLE_NAME='ASIGNATURA';

CONSTRAINT_NAME                                                                                                                  C                    
-------------------------------------------------------------------------------------------------------------------------------- -                    
R_CONSTRAINT_NAME                                                                                                                                     
--------------------------------------------------------------------------------------------------------------------------------                      
SYS_C0018454                                                                                                                     C                    
                                                                                                                                                      
                                                                                                                                                      
SYS_C0018455                                                                                                                     C                    
                                                                                                                                                      
                                                                                                                                                      
SYS_C0018456                                                                                                                     C                    
                                                                                                                                                      
                                                                                                                                                      

CONSTRAINT_NAME                                                                                                                  C                    
-------------------------------------------------------------------------------------------------------------------------------- -                    
R_CONSTRAINT_NAME                                                                                                                                     
--------------------------------------------------------------------------------------------------------------------------------                      
SYS_C0018457                                                                                                                     P                    
                                                                                                                                                      
                                                                                                                                                      
SYS_C0018458                                                                                                                     R                    
SYS_C0018421                                                                                                                                          
                                                                                                                                                      
SYS_C0025462                                                                                                                     R                    
SYS_C0025454                                                                                                                                          
                                                                                                                                                      

6 rows selected.

SQL> SELECT CONSTRAINT_NAME,CONSTRAINT_TYPE,R_CONSTRAINT_NAME
  2  FROM USER_CONSTRAINTS WHERE TABLE_NAME='TITULACION';

CONSTRAINT_NAME                                                                                                                  C                    
-------------------------------------------------------------------------------------------------------------------------------- -                    
R_CONSTRAINT_NAME                                                                                                                                     
--------------------------------------------------------------------------------------------------------------------------------                      
SYS_C0025454                                                                                                                     P                    
                                                                                                                                                      
                                                                                                                                                      

SQL> SELECT CONSTRAINT_NAME,CONSTRAINT_TYPE,R_CONSTRAINT_NAME
  2  FROM USER_CONSTRAINTS WHERE TABLE_NAME='AREA';

CONSTRAINT_NAME                                                                                                                  C                    
-------------------------------------------------------------------------------------------------------------------------------- -                    
R_CONSTRAINT_NAME                                                                                                                                     
--------------------------------------------------------------------------------------------------------------------------------                      
SYS_C0018421                                                                                                                     P                    
                                                                                                                                                      
                                                                                                                                                      
SYS_C0018422                                                                                                                     R                    
SYS_C0018389                                                                                                                                          
                                                                                                                                                      

SQL> SELECT CONSTRAINT_NAME,CONSTRAINT_TYPE,R_CONSTRAINT_NAME
  2  FROM USER_CONSTRAINTS WHERE TABLE_NAME='TITULACION';

CONSTRAINT_NAME                                                                                                                  C                    
-------------------------------------------------------------------------------------------------------------------------------- -                    
R_CONSTRAINT_NAME                                                                                                                                     
--------------------------------------------------------------------------------------------------------------------------------                      
SYS_C0025454                                                                                                                     P                    
                                                                                                                                                      
                                                                                                                                                      

SQL> ALTER TABLE ASIGNATURA
  2  RENAME CONSTRAINT SYS_C0025462 TO FK_ASIGNATURA_TITULACION;

Table altered.

SQL> SELECT CONSTRAINT_NAME,CONSTRAINT_TYPE,R_CONSTRAINT_NAME
  2  FROM USER_CONSTRAINTS WHERE TABLE_NAME='ASIGNATURA';

CONSTRAINT_NAME                                                                                                                  C                    
-------------------------------------------------------------------------------------------------------------------------------- -                    
R_CONSTRAINT_NAME                                                                                                                                     
--------------------------------------------------------------------------------------------------------------------------------                      
SYS_C0018454                                                                                                                     C                    
                                                                                                                                                      
                                                                                                                                                      
SYS_C0018455                                                                                                                     C                    
                                                                                                                                                      
                                                                                                                                                      
SYS_C0018456                                                                                                                     C                    
                                                                                                                                                      
                                                                                                                                                      

CONSTRAINT_NAME                                                                                                                  C                    
-------------------------------------------------------------------------------------------------------------------------------- -                    
R_CONSTRAINT_NAME                                                                                                                                     
--------------------------------------------------------------------------------------------------------------------------------                      
SYS_C0018457                                                                                                                     P                    
                                                                                                                                                      
                                                                                                                                                      
SYS_C0018458                                                                                                                     R                    
SYS_C0018421                                                                                                                                          
                                                                                                                                                      
FK_ASIGNATURA_TITULACION                                                                                                         R                    
SYS_C0025454                                                                                                                                          
                                                                                                                                                      

6 rows selected.

SQL> ALTER TABLE TITULACION
  2  MODIFY (T CHAR(6));
ALTER TABLE TITULACION
*
ERROR at line 1:
ORA-02292: integrity constraint (ALU0100844665.FK_ASIGNATURA_TITULACION) violated - child record found 


SQL> ALTER TABLE ASIGNATURA
  2  CONSTRAINT FK_ASIGNATURA_TITULACION
  3  DISABLE CONSTRAINT;
CONSTRAINT FK_ASIGNATURA_TITULACION
*
ERROR at line 2:
ORA-01735: invalid ALTER TABLE option 


SQL> ALTER TABLE ASIGNATURA
  2  ADD CONSTRAINT FK_ASIGNATURA_TITULACION
  3  DISABLE CONSTRAINT;
DISABLE CONSTRAINT
                 *
ERROR at line 3:
ORA-02250: missing or invalid constraint name 


SQL> ALTER TABLE ASIGNATURA
  2  DISABLE CONSTRAINT
  3  FK_ASIGNATURA_TITULACION;

Table altered.

SQL> ALTER TABLE TITULACION
  2  MODIFY (T CHAR(6));

Table altered.

SQL> ALTER TABLE ASIGNATURA
  2  ENABLE CONSTRAINT
  3  FK_ASIGNATURA_TITULACION;

Table altered.

SQL> CREATE VIEW VISTA1
  2  AS (SELECT CAS,A,T,CUR,CAR
  3  FROM ASIGNATURA);

View created.

SQL> SELECT * FROM VISTA1;

       CAS A                                                  T           CUR        CAR                                                              
---------- -------------------------------------------------- ---- ---------- ----------                                                              
         1 BASES DE DATOS                                     GII           3          7                                                              
         2 INTELIGENCIA ARTIFICIAL                            GII           3          4                                                              
         3 ALMACENES DE DATOS                                 MII           1          7                                                              
         4 MINERIA DE DATOS                                   MII           1          7                                                              
         5 INFORMATICA BASICA                                 GII           1          7                                                              
         6 ALGEBRA                                            GII           1          1                                                              
         8 OPTIMIZACION                                       GII           1          6                                                              
         9 GESTION DE RIESGOS                                 GII           3          4                                                              
        10 ASTRONOMIA                                         GF            2          3                                                              
        11 ENSENANZA DE LA MATEMATICA                         GM            2          5                                                              
        12 ANALISIS COMPLEJO                                  GM            4          2                                                              

       CAS A                                                  T           CUR        CAR                                                              
---------- -------------------------------------------------- ---- ---------- ----------                                                              
         7 CALCULO                                            GII           1          8                                                              

12 rows selected.

SQL> INSERT INTO VISTA1
  2  VALUES (13,'ESTADISTICA','GII',3,7);
INSERT INTO VISTA1
*
ERROR at line 1:
ORA-02291: integrity constraint (ALU0100844665.FK_ASIGNATURA_TITULACION) violated - parent key not found 


SQL> SELECT * FROM VISTA1;

       CAS A                                                  T           CUR        CAR                                                              
---------- -------------------------------------------------- ---- ---------- ----------                                                              
         1 BASES DE DATOS                                     GII           3          7                                                              
         2 INTELIGENCIA ARTIFICIAL                            GII           3          4                                                              
         3 ALMACENES DE DATOS                                 MII           1          7                                                              
         4 MINERIA DE DATOS                                   MII           1          7                                                              
         5 INFORMATICA BASICA                                 GII           1          7                                                              
         6 ALGEBRA                                            GII           1          1                                                              
         8 OPTIMIZACION                                       GII           1          6                                                              
         9 GESTION DE RIESGOS                                 GII           3          4                                                              
        10 ASTRONOMIA                                         GF            2          3                                                              
        11 ENSENANZA DE LA MATEMATICA                         GM            2          5                                                              
        12 ANALISIS COMPLEJO                                  GM            4          2                                                              

       CAS A                                                  T           CUR        CAR                                                              
---------- -------------------------------------------------- ---- ---------- ----------                                                              
         7 CALCULO                                            GII           1          8                                                              

12 rows selected.

SQL> SELECT * FROM ASIGNATURA;

       CAS A                                                  T           CUR        CAR         CT         CP         CL                             
---------- -------------------------------------------------- ---- ---------- ---------- ---------- ---------- ----------                             
         1 BASES DE DATOS                                     GII           3          7          3        1.5        1.5                             
         2 INTELIGENCIA ARTIFICIAL                            GII           3          4        1.5        1.5          3                             
         3 ALMACENES DE DATOS                                 MII           1          7        1.5          0        1.5                             
         4 MINERIA DE DATOS                                   MII           1          7        1.5          0        1.5                             
         5 INFORMATICA BASICA                                 GII           1          7          3        1.5        1.5                             
         6 ALGEBRA                                            GII           1          1          3          3          0                             
         8 OPTIMIZACION                                       GII           1          6          3        1.5        1.5                             
         9 GESTION DE RIESGOS                                 GII           3          4          3          0          3                             
        10 ASTRONOMIA                                         GF            2          3          3        1.5        1.5                             
        11 ENSENANZA DE LA MATEMATICA                         GM            2          5          6          0          0                             
        12 ANALISIS COMPLEJO                                  GM            4          2        4.5          3          0                             

       CAS A                                                  T           CUR        CAR         CT         CP         CL                             
---------- -------------------------------------------------- ---- ---------- ---------- ---------- ---------- ----------                             
         7 CALCULO                                            GII           1          8          3          3          0                             

12 rows selected.

SQL> UPDATE VISTA1
  2  SET CAR=6
  3  WHERE CAS=13;

0 rows updated.

SQL> SELECT * FROM VISTA1;

       CAS A                                                  T           CUR        CAR                                                              
---------- -------------------------------------------------- ---- ---------- ----------                                                              
         1 BASES DE DATOS                                     GII           3          7                                                              
         2 INTELIGENCIA ARTIFICIAL                            GII           3          4                                                              
         3 ALMACENES DE DATOS                                 MII           1          7                                                              
         4 MINERIA DE DATOS                                   MII           1          7                                                              
         5 INFORMATICA BASICA                                 GII           1          7                                                              
         6 ALGEBRA                                            GII           1          1                                                              
         8 OPTIMIZACION                                       GII           1          6                                                              
         9 GESTION DE RIESGOS                                 GII           3          4                                                              
        10 ASTRONOMIA                                         GF            2          3                                                              
        11 ENSENANZA DE LA MATEMATICA                         GM            2          5                                                              
        12 ANALISIS COMPLEJO                                  GM            4          2                                                              

       CAS A                                                  T           CUR        CAR                                                              
---------- -------------------------------------------------- ---- ---------- ----------                                                              
         7 CALCULO                                            GII           1          8                                                              

12 rows selected.

SQL> CREATE VIEW VISTA2
  2  AS(SELECT DISTINCT DNI,A,T,CUR,CAR
  3  FROM PLAN_DOCENTE NATURAL JOIN VISTA1);

View created.

SQL> SELECT * FROM VISTA2;

       DNI A                                                  T           CUR        CAR                                                              
---------- -------------------------------------------------- ---- ---------- ----------                                                              
      6666 ASTRONOMIA                                         GF            2          3                                                              
      4444 INFORMATICA BASICA                                 GII           1          7                                                              
      3030 OPTIMIZACION                                       GII           1          6                                                              
      3333 GESTION DE RIESGOS                                 GII           3          4                                                              
      2222 ALMACENES DE DATOS                                 MII           1          7                                                              
      9999 CALCULO                                            GII           1          8                                                              
      7777 ANALISIS COMPLEJO                                  GM            4          2                                                              
      3333 INTELIGENCIA ARTIFICIAL                            GII           3          4                                                              
      4444 MINERIA DE DATOS                                   MII           1          7                                                              
      1010 GESTION DE RIESGOS                                 GII           3          4                                                              
      8888 ENSENANZA DE LA MATEMATICA                         GM            2          5                                                              

       DNI A                                                  T           CUR        CAR                                                              
---------- -------------------------------------------------- ---- ---------- ----------                                                              
      4444 BASES DE DATOS                                     GII           3          7                                                              
      5555 ALGEBRA                                            GII           1          1                                                              
      1111 OPTIMIZACION                                       GII           1          6                                                              
      1010 INTELIGENCIA ARTIFICIAL                            GII           3          4                                                              
      2020 ALMACENES DE DATOS                                 MII           1          7                                                              
      2222 MINERIA DE DATOS                                   MII           1          7                                                              

17 rows selected.

SQL> UPDATE VISTA2
  2  SET A='BASES DE DATOS'
  3  WHERE DNI=1010;
UPDATE VISTA2
       *
ERROR at line 1:
ORA-01732: data manipulation operation not legal on this view 


SQL> DESCRIBE VISTA2;
 Name                                                                                Null?    Type
 ----------------------------------------------------------------------------------- -------- --------------------------------------------------------
 DNI                                                                                 NOT NULL NUMBER(8)
 A                                                                                   NOT NULL VARCHAR2(50)
 T                                                                                   NOT NULL CHAR(4)
 CUR                                                                                          NUMBER(1)
 CAR                                                                                          NUMBER(3)

SQL> DROP VIEW VISTA1;

View dropped.

SQL> SELECT * FROM VISTA2;
SELECT * FROM VISTA2
              *
ERROR at line 1:
ORA-04063: view "ALU0100844665.VISTA2" has errors 


SQL> ROLLBACK WORK;

Rollback complete.

SQL> CREATE UNIQUE INDEX INDICE1
  2  ON PROFESOR(P);

Index created.

SQL> DROP INDEX INDICE1;

Index dropped.

SQL> CREATE INDEX INDICE2
  2  ON VISTA1(CAR);
ON VISTA1(CAR)
   *
ERROR at line 2:
ORA-00942: table or view does not exist 


SQL> GRANT SELECT
  2  ON DEPARTAMENTO,AREA,ASIGNATURA,TITULACION
  3  TO alumno;
ON DEPARTAMENTO,AREA,ASIGNATURA,TITULACION
               *
ERROR at line 2:
ORA-00990: missing or invalid privilege 


SQL> GRANT SELECT
  2  ON DEPARTAMENTO
  3  TO alumno;

Grant succeeded.

SQL> GRANT SELECT
  2  ON AREA
  3  TO alumno;

Grant succeeded.

SQL> GRANT SELECT
  2  ON ASIGNATURA
  3  TO alumno;

Grant succeeded.

SQL> GRANT SELECT
  2  ON TITULACION
  3  TO alumno;

Grant succeeded.

SQL> GRANT INSERT,DELETE,UPDATE
  2  ON DEPARTAMENTO
  3  TO alumno;

Grant succeeded.

SQL> GRANT INSERT,DELETE,UPDATE
  2  ON AREA
  3  TO alumno;

Grant succeeded.

SQL> GRANT UPDATE
  2  ON ASIGNATURA
  3  TO alumno
  4  ;

Grant succeeded.

SQL> GRANT UPDATE
  2  ON TITULACION
  3  TO alumno;

Grant succeeded.

SQL> COMMIT WORK
  2  ;

Commit complete.

SQL> CONNECT
Enter user-name: alumno
ERROR:
ORA-12162: TNS:net service name is incorrectly specified 


Warning: You are no longer connected to ORACLE.
SQL> CONNECT
Enter user-name: alumno
ERROR:
ORA-12162: TNS:net service name is incorrectly specified 


SQL> CONNECT
Enter user-name: alumno
ERROR:
ORA-12162: TNS:net service name is incorrectly specified 


SQL> alumno
SP2-0042: unknown command "alumno" - rest of line ignored.
SQL> CONNECT
Enter user-name: alumno
ERROR:
ORA-12162: TNS:net service name is incorrectly specified 


SQL> SELECT *
  2  FROM ALU0100844665.DEPARTAMENTO;
SP2-0640: Not connected
SQL> CONNECT
Enter user-name: ALUMNO
ERROR:
ORA-12162: TNS:net service name is incorrectly specified 


SQL> CONNECT
Enter user-name: alumno
ERROR:
ORA-12162: TNS:net service name is incorrectly specified 


SQL> alumno
SP2-0042: unknown command "alumno" - rest of line ignored.
SQL> CONNECT
Enter user-name: alumno
ERROR:
ORA-12162: TNS:net service name is incorrectly specified 


SQL> CONNECT
Enter user-name: alumno
ERROR:
ORA-12162: TNS:net service name is incorrectly specified 


SQL> SPOOL OFF
