SQL> SET SERVERONTPUT ON
SP2-0735: unknown SET option beginning "SERVERONTP..."
SQL> SET SERVEROUTPUT ON
SQL> BEGIN
  2  DBMS_OUTPUT.PUT_LINE('HOLA MUNDO');
  3  END;
  4  /
HOLA MUNDO                                                                      

PL/SQL procedure successfully completed.

SQL> SAVE HOLAMUNDO
Created file HOLAMUNDO.sql
SQL> GET HOLAMUNDO
  1  BEGIN
  2  DBMS_OUTPUT.PUT_LINE('HOLA MUNDO');
  3* END;
SQL> RUN
  1  BEGIN
  2  DBMS_OUTPUT.PUT_LINE('HOLA MUNDO');
  3* END;
HOLA MUNDO                                                                      

PL/SQL procedure successfully completed.

SQL> /
HOLA MUNDO                                                                      

PL/SQL procedure successfully completed.

SQL> @HOLAMUNDO
HOLA MUNDO                                                                      

PL/SQL procedure successfully completed.

SQL> CREATE OR REPLACE PROCEDURE HOLAMUNDO
  2  IS
  3  BEGIN
  4  DBMS_OUTPUT.PUT_LINE('HOLA MUNDO');
  5  END;
  6  /

Procedure created.

SQL> HOLAMUNDO();
SP2-0734: unknown command beginning "HOLAMUNDO(..." - rest of line ignored.
SQL> HOLAMUNDO( );
SP2-0734: unknown command beginning "HOLAMUNDO(..." - rest of line ignored.
SQL> BEGIN
  2  HOLAMUNDO();
  3  END;
  4  /
HOLA MUNDO                                                                      

PL/SQL procedure successfully completed.

SQL> CALL HOLAMUNDO();
HOLA MUNDO                                                                      

Call completed.

SQL> CREATE OR REPLACE FUNTION DOBLE(X NUMBER)
  2  RETURN NUMBER IS
  3  BEGIN
  4  RETURN 2*X;
CREATE OR REPLACE FUNTION DOBLE(X NUMBER)
                  *
ERROR at line 1:
ORA-00922: missing or invalid option 


SQL> CREATE OR REPLACE FUNCTION DOBLE(X NUMBER)
  2  RETURN NUMBER IS
  3  BEGIN
  4  RETURN 2*X;
  5  END;
  6  /

Function created.

SQL> DOBLE(4);
SP2-0042: unknown command "DOBLE(4)" - rest of line ignored.
SQL> CALL DOBLE(4);
CALL DOBLE(4)
     *
ERROR at line 1:
ORA-06576: not a valid function or procedure name 


SQL> SELECT DOBLE(4)
  2  FROM DUAL;

  DOBLE(4)                                                                      
----------                                                                      
         8                                                                      

SQL> SELECT DOBLE(10)
  2  FROM DUAL;

 DOBLE(10)                                                                      
----------                                                                      
        20                                                                      

SQL> VARIABLE X NUMBER
SQL> CALL DOBLE(4) INTO :X;

Call completed.

SQL> SELECT X FROM DUAL;
SELECT X FROM DUAL
       *
ERROR at line 1:
ORA-00904: "X": invalid identifier 


SQL> PRINT X;

         X                                                                      
----------                                                                      
         8                                                                      

SQL> BEGIN
  2  DBMS_OUTPUT.PUT_LINE(DOBLE(4));
  3  END;
  4  /
8                                                                               

PL/SQL procedure successfully completed.

SQL> SELECT P
  2  FROM PROFESOR
  3  WHERE DNI=&D;
Enter value for d: 1111
old   3: WHERE DNI=&D
new   3: WHERE DNI=1111

P                                                                               
------------------------------------------------------------                    
JUAN                                                                            

SQL> CREATE OR REPLACE FUNCTION NOM_PRO(D PROFESOR.DNI%TYPE)
  2  RETURN PROFESOR%TYPE IS
  3  N PROFESOR.%TYPE;
  4  BEGIN
  5  SELECT P
  6  INTO N
  7  FROM PROFESOR
  8  WHERE DNI=D;
  9  RETURN N;
 10  END;
 11  /

Warning: Function created with compilation errors.

SQL> CREATE OR REPLACE FUNCTION NOM_PRO(D PROFESOR.DNI%TYPE)
  2  RETURN PROFESOR%PTYPE IS
  3  N PROFESOR.%TYPE;
  4  BEGIN
  5  SELECT P
  6  INTO N
  7  FROM PROFESOR
  8  WHERE DNI=D;
  9  RETURN N;
 10  END;
 11  /

Warning: Function created with compilation errors.

SQL> CREATE OR REPLACE FUNCTION NOM_PRO(D PROFESOR.DNI%TYPE)
  2  RETURN PROFESOR.P%TYPE IS
  3  N PROFESOR.P%TYPE;
  4  BEGIN
  5  SELECT P
  6  INTO N
  7  FROM PROFESOR
  8  WHERE DNI=D;
  9  RETURN N;
 10  END;
 11  /

Function created.

SQL> SELECT NOM_PRO(1111) FROM DUAL;

NOM_PRO(1111)                                                                   
--------------------------------------------------------------------------------
JUAN                                                                            

SQL> SELECT *
  2  FROM &tabla;
Enter value for tabla: PROFESOR
old   2: FROM &tabla
new   2: FROM PROFESOR

       DNI P                                                                    
---------- ------------------------------------------------------------         
       CAR CAT                                                                  
---------- -----                                                                
      1111 JUAN                                                                 
         6 CU                                                                   
                                                                                
      2222 CARLOS                                                               
         7 TU                                                                   
                                                                                
      3333 PEDRO                                                                
         4 TEU                                                                  
                                                                                

       DNI P                                                                    
---------- ------------------------------------------------------------         
       CAR CAT                                                                  
---------- -----                                                                
      4444 MARIA                                                                
         7 TU                                                                   
                                                                                
      5555 IVAN                                                                 
         1 CEU                                                                  
                                                                                
      6666 CARMEN                                                               
         3 CD                                                                   
                                                                                

       DNI P                                                                    
---------- ------------------------------------------------------------         
       CAR CAT                                                                  
---------- -----                                                                
      7777 MARIO                                                                
         2 TU                                                                   
                                                                                
      8888 FRANCISCO                                                            
         5 TU                                                                   
                                                                                
      9999 ANGELA                                                               
         8 TEU                                                                  
                                                                                

       DNI P                                                                    
---------- ------------------------------------------------------------         
       CAR CAT                                                                  
---------- -----                                                                
      1010 DAVID                                                                
         4 TU                                                                   
                                                                                
      2020 SOLEDAD                                                              
         7 CU                                                                   
                                                                                
      3030 JOSE MANUEL                                                          
         6 TEU                                                                  
                                                                                

       DNI P                                                                    
---------- ------------------------------------------------------------         
       CAR CAT                                                                  
---------- -----                                                                
      4040 CARMELO                                                              
         7 TU                                                                   
                                                                                
      5050 CARINA                                                               
         8 CEU                                                                  
                                                                                

14 rows selected.

SQL> SET LINE 200
SQL> SELECT *
  2  FROM &tabla;
Enter value for tabla: PROFESOR
old   2: FROM &tabla
new   2: FROM PROFESOR

       DNI P                                                                   CAR CAT                                                                                                                  
---------- ------------------------------------------------------------ ---------- -----                                                                                                                
      1111 JUAN                                                                  6 CU                                                                                                                   
      2222 CARLOS                                                                7 TU                                                                                                                   
      3333 PEDRO                                                                 4 TEU                                                                                                                  
      4444 MARIA                                                                 7 TU                                                                                                                   
      5555 IVAN                                                                  1 CEU                                                                                                                  
      6666 CARMEN                                                                3 CD                                                                                                                   
      7777 MARIO                                                                 2 TU                                                                                                                   
      8888 FRANCISCO                                                             5 TU                                                                                                                   
      9999 ANGELA                                                                8 TEU                                                                                                                  
      1010 DAVID                                                                 4 TU                                                                                                                   
      2020 SOLEDAD                                                               7 CU                                                                                                                   

       DNI P                                                                   CAR CAT                                                                                                                  
---------- ------------------------------------------------------------ ---------- -----                                                                                                                
      3030 JOSE MANUEL                                                           6 TEU                                                                                                                  
      4040 CARMELO                                                               7 TU                                                                                                                   
      5050 CARINA                                                                8 CEU                                                                                                                  

14 rows selected.

SQL> CREATE OR REPLACE PROCEDURE LISTAR_PRO
  2  IS
  3  CURSOR C IS
  4  SELECT *
  5  FROM PROFESOR;
  6  FILA PROFESOR%ROUNTYPE;
  7  BEGIN
  8  OPEN C;
  9  LOOP
 10  FETCH C INTO FILA;
 11  WHEN C%NOT_FOUND THEN EXIT;
 12  DBMS_OUTPUT.PUT_LINE(FILA.DNI|FILA.P);
 13  
 14  
 15  
 16  
 17  /

Warning: Procedure created with compilation errors.

SQL> CREATE OR REPLACE PROCEDURE LISTAR_PRO
  2  IS
  3  CURSOR C IS
  4  SELECT *
  5  FROM PROFESOR;
  6  FILA PROFESOR%ROWTYPE;
  7  BEGIN
  8  OPEN C;
  9  LOOP
 10  FETCH C INTO FILA;
 11  WHEN C%NOTFOUND THEN EXIT;
 12  DBMS_OUTPUT.PUT_LINE(FILA.DNI|FILA.P|FILA.CAT);
 13  END LOOP;
 14  CLOSE C;
 15  END;
 16  /

Warning: Procedure created with compilation errors.

SQL> CREATE OR REPLACE PROCEDURE LISTAR_PRO
  2  IS
  3  CURSOR C IS
  4  SELECT *
  5  FROM PROFESOR;
  6  FILA PROFESOR%ROWTYPE;
  7  BEGIN
  8  OPEN C;
  9  LOOP
 10  FETCH C INTO FILA;
 11  WHENC%NOTFOUND THEN EXIT;
 12  DBMS_OUTPUT.PUT_LINE(FILA.DNI|FILA.P|FILA.CAT);
 13  END LOOP;
 14  CLOSE C;
 15  END;
 16  /

Warning: Procedure created with compilation errors.

SQL> CREATE OR REPLACE PROCEDURE LISTAR_PRO
  2  
  3  
  4  
  5  
  6  
  7  /

Warning: Procedure created with compilation errors.

SQL> CREATE OR REPLACE PROCEDURE LISTAR_PRO
  2  IS
  3  CURSOR C IS
  4  SELECT *
  5  FROM PROFESOR
  6  FILA PROFESOR%ROWTYPE;
  7  BEGIN
  8  OPEN C;
  9  LOOP
 10  FETCH C INTO FILA;
 11  EXIT WHEN C%NOTFOUND;
 12  DBMS_OUTPUT.PUT_LINE('FILA.DNI'||'FILA.P'||'FILA.CAT');
 13  END LOOP;
 14  CLOSE C;
 15  END;
 16  /

Warning: Procedure created with compilation errors.

SQL> CREATE OR REPLACE PROCEDURE LISTAR_PRO
  2  IS
  3  CURSOR C IS
  4  SELECT *
  5  FROM PROFESOR
  6  FILA PROFESOR%ROWTYPE;
  7  BEGIN
  8  OPEN C;
  9  LOOP
 10  FETCH C INTO FILA;
 11  EXIT WHEN C%NOTFOUND;
 12  DBMS_OUTPUT.PUT_LINE(FILA.DNI|FILA.P|FILA.CAT);
 13  END LOOP;
 14  CLOSE C;
 15  END ;
 16  /

Warning: Procedure created with compilation errors.

SQL> QUIT
